: 1
aa: see bob
abc: see bob
about: 3
adipiscing: 4
amet: 4
anywhere: 2
appears: 1
atc: see bob
bob:  Not Found
book: 1
but: 2
capitalization: 2
cat: 1
condimentum: 4
consectetur: 4
dolor: 4
elit: 4
indexing: 3
individual: 3
ipsum: see lorem
is: 1, 2
lorem: 1, 4, 5
meow: see cat
need: 3
no: 1
not: 3
note: 1
of: 1
on: 1
one: 1
only: 3
page: 1
phasellus: 4
phrases: 3
present: 2
punctuation: 2
sentencebased: 2
sit: 4
still: 2
text: 1
that: 1, 2
the: 1
there: see lorem
this: see cat
to: 3
words: 3
worry: 3
you: 3
zack: see zate
zate:  Not Found
